// Jest Snapshot v1, https://goo.gl/fbAQLP

exports[`just test App.vue snapshot 1`] = `
<div
  id="app"
>
  <h1>
    Welcome to Your Vue.js App
  </h1>
   
  <!---->
   
  <button>
    checkout component
  </button>
</div>
`;
