// Jest Snapshot v1, https://goo.gl/fbAQLP

exports[`just test cmp2.vue snapshot 1`] = `
<div>
  <h1>
    Here is cmp2
  </h1>
</div>
`;
